[ai-initiative-success-6i3qful.gamma.site/index.html]
[backblue.gif]
[fade.gif]
[index.html]
[assets.gammahosted.com/97xo06r1t/_next/static/css/979a50cf95f2f884.css]
[assets.gammahosted.com/97xo06r1t/_next/static/css/df8aeefe55df470c.css]
[assets.gammahosted.com/97xo06r1t/_next/static/chunks/webpack-913cf87cd0b7433e.js]
[assets.gammahosted.com/97xo06r1t/_next/static/chunks/polyfills-42372ed130431b0a.js]
[assets.gammahosted.com/97xo06r1t/_next/static/chunks/framework-f2c7e757a5b67eec.js]
[assets.gammahosted.com/97xo06r1t/_next/static/chunks/main-4d8f1dee31fd37ca.js]
[assets.gammahosted.com/97xo06r1t/_next/static/chunks/pages/_app-a62fa97ca4549989.js]
[assets.gammahosted.com/97xo06r1t/_next/static/chunks/da690673-23bd0caa5e781332.js]
[assets.gammahosted.com/97xo06r1t/_next/static/chunks/278aa4fa-9287744023c48736.js]
[assets.gammahosted.com/97xo06r1t/_next/static/chunks/c9f9fe9c-b610f7ae5bd355d3.js]
[assets.gammahosted.com/97xo06r1t/_next/static/chunks/f7f4f538-820058da5d822e4f.js]
[assets.gammahosted.com/97xo06r1t/_next/static/chunks/2c25ec24-4913759d9d1b7864.js]
[assets.gammahosted.com/97xo06r1t/_next/static/chunks/9b6c5ff0-244b429a6878fb73.js]
[assets.gammahosted.com/97xo06r1t/_next/static/chunks/4e973673-f3a919c65ba04df5.js]
[assets.gammahosted.com/97xo06r1t/_next/static/chunks/55fae009-544b926b02cd168a.js]
[assets.gammahosted.com/97xo06r1t/_next/static/chunks/1988a2b6-89598c43bba6f1a4.js]
[assets.gammahosted.com/97xo06r1t/_next/static/chunks/4979d384-e81d282da1b4ee13.js]
[assets.gammahosted.com/97xo06r1t/_next/static/chunks/96c0f419-c92bfee70d655207.js]
[assets.gammahosted.com/97xo06r1t/_next/static/chunks/06e06715-c49593c204b3705e.js]
[assets.gammahosted.com/97xo06r1t/_next/static/chunks/9bbc76fc-a6cc0721043e3848.js]
[assets.gammahosted.com/97xo06r1t/_next/static/chunks/17c69435-63674a77fdd7baed.js]
[assets.gammahosted.com/97xo06r1t/_next/static/chunks/5eae7a46-71a31a5cc5147d4d.js]
[assets.gammahosted.com/97xo06r1t/_next/static/chunks/5234-bcc6e52c7999c5e8.js]
[assets.gammahosted.com/97xo06r1t/_next/static/chunks/3771-18ec671a938431a7.js]
[assets.gammahosted.com/97xo06r1t/_next/static/chunks/pages/published/[docId]-c69d29d691040564.js]
[assets.gammahosted.com/97xo06r1t/_next/static/6miNwvfnB00qzff_6wjRS/_buildManifest.js]
[assets.gammahosted.com/97xo06r1t/_next/static/6miNwvfnB00qzff_6wjRS/_ssgManifest.js]
[ai-initiative-success-6i3qful.gamma.site/syllab.ai]
[ai-initiative-success-6i3qful.gamma.site/index.html]
[assets.gammahosted.com/97xo06r1t/_next/static/css/979a50cf95f2f884.css]
[assets.gammahosted.com/97xo06r1t/_next/static/css/df8aeefe55df470c.css]
[imgproxy.gamma.app/resize/quality/resizing_type_fit/width_2000/height_2000/https_/cdn.gamma.app/b79nrq4ybni7xcv/6cc4da9f3eeb4a56a8e4c99c176ee4a8/original/Revenue-Focused-Transformation-8.png]
[imgproxy.gamma.app/resize/quality/resizing_type_fit/width_2000/https_/cdn.gamma.app/b79nrq4ybni7xcv/fdf303af0ed54826a9ad852401112f79/original/ChatGPT-Image-Jun-24-2025-02_16_51-PM.png]
[imgproxy.gamma.app/resize/quality/resizing_type_fit/width_1200/https_/cdn.gamma.app/b79nrq4ybni7xcv/generated-images/PNPGJEpJq58Ulh0Ku6ozS.png]
[imgproxy.gamma.app/resize/quality/resizing_type_fit/width_2000/https_/cdn.gamma.app/b79nrq4ybni7xcv/f126755c05864835a847377fea23f6c7/original/EvanUnickHeadshotNoBG.png]
[ai-initiative-success-6i3qful.gamma.site/syllab.html]
